// Jest Snapshot v1, https://goo.gl/fbAQLP

exports[`should shallow correctrly 1`] = `
<div>
  <h1
    className="cover-heading"
  >
    React Redux Development Environment
  </h1>
  <div
    className="container"
  >
    <div
      className="row"
    >
      <div
        className="col"
      >
        <img
          alt="logo-react"
          className="App-logo"
          src={[Function]}
        />
      </div>
      <div
        className="col"
      >
        <img
          alt="logo-redux"
          className="App-logo"
          src={[Function]}
        />
      </div>
    </div>
  </div>
  <div>
    <div>
      Loading...
    </div>
  </div>
</div>
`;
